// Jest Snapshot v1, https://goo.gl/fbAQLP

exports[`Header Rendering the functional header component 1`] = `
ShallowWrapper {
  Symbol(enzyme.__root__): [Circular],
  Symbol(enzyme.__unrendered__): <Header
    branding="Shakespeare Reviews"
  />,
  Symbol(enzyme.__renderer__): Object {
    "batchedUpdates": [Function],
    "getNode": [Function],
    "render": [Function],
    "simulateError": [Function],
    "simulateEvent": [Function],
    "unmount": [Function],
  },
  Symbol(enzyme.__node__): Object {
    "instance": null,
    "key": undefined,
    "nodeType": "host",
    "props": Object {
      "children": <div
        className="container"
      >
        <a
          className="navbar-brand"
          href="/"
        >
          Shakespeare Reviews
        </a>
        <div>
          <ul
            className="navbar-nav mr-auto"
          >
            <li
              className="nav-item"
            >
              <a
                className="nav-link"
                href="/"
              >
                Home
              </a>
            </li>
          </ul>
        </div>
      </div>,
      "className": "navbar navbar-expand-sm navbar-dark bg-info mb-3 py-0",
    },
    "ref": null,
    "rendered": Object {
      "instance": null,
      "key": undefined,
      "nodeType": "host",
      "props": Object {
        "children": Array [
          <a
            className="navbar-brand"
            href="/"
          >
            Shakespeare Reviews
          </a>,
          <div>
            <ul
              className="navbar-nav mr-auto"
            >
              <li
                className="nav-item"
              >
                <a
                  className="nav-link"
                  href="/"
                >
                  Home
                </a>
              </li>
            </ul>
          </div>,
        ],
        "className": "container",
      },
      "ref": null,
      "rendered": Array [
        Object {
          "instance": null,
          "key": undefined,
          "nodeType": "host",
          "props": Object {
            "children": "Shakespeare Reviews",
            "className": "navbar-brand",
            "href": "/",
          },
          "ref": null,
          "rendered": "Shakespeare Reviews",
          "type": "a",
        },
        Object {
          "instance": null,
          "key": undefined,
          "nodeType": "host",
          "props": Object {
            "children": <ul
              className="navbar-nav mr-auto"
            >
              <li
                className="nav-item"
              >
                <a
                  className="nav-link"
                  href="/"
                >
                  Home
                </a>
              </li>
            </ul>,
          },
          "ref": null,
          "rendered": Object {
            "instance": null,
            "key": undefined,
            "nodeType": "host",
            "props": Object {
              "children": <li
                className="nav-item"
              >
                <a
                  className="nav-link"
                  href="/"
                >
                  Home
                </a>
              </li>,
              "className": "navbar-nav mr-auto",
            },
            "ref": null,
            "rendered": Object {
              "instance": null,
              "key": undefined,
              "nodeType": "host",
              "props": Object {
                "children": <a
                  className="nav-link"
                  href="/"
                >
                  Home
                </a>,
                "className": "nav-item",
              },
              "ref": null,
              "rendered": Object {
                "instance": null,
                "key": undefined,
                "nodeType": "host",
                "props": Object {
                  "children": "Home",
                  "className": "nav-link",
                  "href": "/",
                },
                "ref": null,
                "rendered": "Home",
                "type": "a",
              },
              "type": "li",
            },
            "type": "ul",
          },
          "type": "div",
        },
      ],
      "type": "div",
    },
    "type": "nav",
  },
  Symbol(enzyme.__nodes__): Array [
    Object {
      "instance": null,
      "key": undefined,
      "nodeType": "host",
      "props": Object {
        "children": <div
          className="container"
        >
          <a
            className="navbar-brand"
            href="/"
          >
            Shakespeare Reviews
          </a>
          <div>
            <ul
              className="navbar-nav mr-auto"
            >
              <li
                className="nav-item"
              >
                <a
                  className="nav-link"
                  href="/"
                >
                  Home
                </a>
              </li>
            </ul>
          </div>
        </div>,
        "className": "navbar navbar-expand-sm navbar-dark bg-info mb-3 py-0",
      },
      "ref": null,
      "rendered": Object {
        "instance": null,
        "key": undefined,
        "nodeType": "host",
        "props": Object {
          "children": Array [
            <a
              className="navbar-brand"
              href="/"
            >
              Shakespeare Reviews
            </a>,
            <div>
              <ul
                className="navbar-nav mr-auto"
              >
                <li
                  className="nav-item"
                >
                  <a
                    className="nav-link"
                    href="/"
                  >
                    Home
                  </a>
                </li>
              </ul>
            </div>,
          ],
          "className": "container",
        },
        "ref": null,
        "rendered": Array [
          Object {
            "instance": null,
            "key": undefined,
            "nodeType": "host",
            "props": Object {
              "children": "Shakespeare Reviews",
              "className": "navbar-brand",
              "href": "/",
            },
            "ref": null,
            "rendered": "Shakespeare Reviews",
            "type": "a",
          },
          Object {
            "instance": null,
            "key": undefined,
            "nodeType": "host",
            "props": Object {
              "children": <ul
                className="navbar-nav mr-auto"
              >
                <li
                  className="nav-item"
                >
                  <a
                    className="nav-link"
                    href="/"
                  >
                    Home
                  </a>
                </li>
              </ul>,
            },
            "ref": null,
            "rendered": Object {
              "instance": null,
              "key": undefined,
              "nodeType": "host",
              "props": Object {
                "children": <li
                  className="nav-item"
                >
                  <a
                    className="nav-link"
                    href="/"
                  >
                    Home
                  </a>
                </li>,
                "className": "navbar-nav mr-auto",
              },
              "ref": null,
              "rendered": Object {
                "instance": null,
                "key": undefined,
                "nodeType": "host",
                "props": Object {
                  "children": <a
                    className="nav-link"
                    href="/"
                  >
                    Home
                  </a>,
                  "className": "nav-item",
                },
                "ref": null,
                "rendered": Object {
                  "instance": null,
                  "key": undefined,
                  "nodeType": "host",
                  "props": Object {
                    "children": "Home",
                    "className": "nav-link",
                    "href": "/",
                  },
                  "ref": null,
                  "rendered": "Home",
                  "type": "a",
                },
                "type": "li",
              },
              "type": "ul",
            },
            "type": "div",
          },
        ],
        "type": "div",
      },
      "type": "nav",
    },
  ],
  Symbol(enzyme.__options__): Object {
    "adapter": ReactSixteenAdapter {
      "options": Object {
        "enableComponentDidUpdateOnSetState": true,
        "lifecycles": Object {
          "componentDidUpdate": Object {
            "onSetState": true,
          },
          "getDerivedStateFromProps": true,
          "getSnapshotBeforeUpdate": true,
          "setState": Object {
            "skipsComponentDidUpdateOnNullish": true,
          },
        },
      },
    },
  },
}
`;
